MOSSMAP1 48 34 2 "Stillwater Cave" "Moonlight gathers where the water is quiet"
#####################+++++######################
#################....+++++.....#################
#################....+++++.....#################
#################**..+++++.....#################
#################**..+++++.....#################
#################**...+++......#################
#################.....+++......#################
#################.....+++......#################
#################.....+++......#################
########.........###..+++.......###....#########
########.........###..+++.......###....#########
########.........###..+++.......###....#########
########..............+++..........**..#########
########..............+++..........**..#########
########.+++++++++++++++++++++++++++++.#########
########.+++++++++++++++++++++++++++++.#########
########.+++++++++++++++++++++++++++++.#########
########..+++...............+++........#########
####..**..+++...............+++.################
####..**..+++........###....+++............#####
####......+++........###....+++............#####
####~~~~~.+++........###....+++....~~~~~...#####
####~~~~~.+++...............+++....~~~~~...#####
####~~~~~.+++...............+++.......~~~..#####
####~~~~~~~___~~~...........++++++++++~~~..#####
####~~~~~~~___~~~...#####...++++++++++~~~..#####
####.....~~___~~~...#####...++++++++++~~~..#####
####................#####.**...............#####
#########################.**...............#####
#########################..................#####
################################################
################################################
################################################
################################################
exit 21 0 5 2 1 23 29 0
object 1 cave_dew 35 26 5 1 "A moon-cooled cache"
object 1 cave_fragments 12 22 1 3 "Miner's satchel"
object 4 cave_note 26 4 0 1 "The water is deep. Stay on stone or timber. Lantern moths gather a bright spark before they cast it. Keep moving, then close the distance."
enemy 0 23 12
enemy 1 31 15
enemy 0 11 18
enemy 1 28 24
enemy 4 18 16
