MOSSMAP1 48 34 4 "The Copper Kettle" "A warm hearth between uncertain roads"
################################################
################################################
################################################
################################################
################################################
################################################
################################################
#########______________________________#########
#########__ssssss__________________bb__#########
#########_____________________======___#########
#########___ffff_______________________#########
#########___ffff_______________________#########
#########______________________________#########
#########___________________B__________#########
#########______________________________#########
#########______________________________#########
#########______________________________#########
#########____===_______________________#########
#########____===_______________________#########
#########__________rrrrrrr_____________#########
#########__________rrrrrrr____====_____#########
#########__________rrrrrrr____====_____#########
#########__________rrrrrrr_____________#########
#########__________rrrrrrr_____________#########
#########__bbb_____rrrrrrr_____________#########
#########__bbb_________________________#########
#########______________________________#########
#########______________________________#########
#########______________________________#########
#########______________________________#########
#####################_____######################
#####################_____######################
#####################_____######################
#####################_____######################
exit 21 32 5 2 0 9 14 0
object 6 innkeeper 32 12 0 1 "Nessa, keeper of the Kettle"
object 2 inn_hearth 17 12 0 1 "The guest hearth"
object 4 inn_notice 26 25 0 1 "IRONBACK SHELLS WANTED. The smith pays six coins each. Defeat a beetle, approach its remains, and press E to search. Coins and unsold materials stay with you if you fall."
