MOSSMAP1 48 34 4 "The Ember & Anvil" "Steel, sinew, and a fair price"
################################################
################################################
################################################
################################################
################################################
################################################
################################################
##########::::::::::::::::::::::::::::##########
##########::ssssss:::::::::::::sssss::##########
##########::::::::::::::::::B:::::::::##########
##########:::::::::::::::::::::ffff:::##########
##########:::::::::::::::::::::ffff:::##########
##########:::::::::::::::::::::ffff:::##########
##########:::::::=============::::::::##########
##########::::::::::::::::::::::::::::##########
##########::::::::::::::::::::::::::::##########
##########::bb::::::::::::::::::::::::##########
##########::bb::::::::::::::::::::::::##########
##########::::::::::::::::::::::::::::##########
##########::::::::::::::::::::::::bb::##########
##########:::::::::rrrrrrrrrr:::::bb::##########
##########:::::::::rrrrrrrrrr:::::::::##########
##########:::::::::rrrrrrrrrr:::::::::##########
##########:::::::::rrrrrrrrrr:::::::::##########
##########:::::::::rrrrrrrrrr:::::::::##########
##########::::::::::::::::::::::::::::##########
##########::::::::::::::::::::::::::::##########
##########::::::::::::::::::::::::::::##########
##########::::::::::::::::::::::::::::##########
##########::::::::::::::::::::::::::::##########
#####################:::::######################
#####################:::::######################
#####################:::::######################
#####################:::::######################
exit 21 32 5 2 0 34 14 0
object 6 smith 23 15 0 1 "Master Harl, smith & trader"
object 4 smith_notes 29 23 0 1 "BUY with ENTER. Scroll with W/S. Sell shells and glow fragments for coins. Gear equips automatically; switch weapons with 1, 2, 3. Plate reduces heavy damage but makes you slower."
object 4 forge_notes 30 15 0 1 "A knight's lesson: your sword needs room. J is a quick cut, L a slower guard-breaking strike. Leave enough green stamina for a dodge. K raises your guard; time it well to stagger an attacker."
